
> student-social-app@0.1.0 build
> next build

▲ Next.js 16.2.2 (Turbopack)
- Environments: .env.local
- Experiments (use with caution):
  · optimizePackageImports

node.exe : ⚠ The "middleware" file convention is deprecated. Please use "proxy" instead. Learn more: 
https://nextjs.org/docs/messages/middleware-to-proxy
In Zeile:1 Zeichen:1
+ & "C:\Program Files\nodejs/node.exe" "C:\Program Files\nodejs/node_mo ...
+ ~~~~~~~~~~~~~~~~~~~~~~~~~~~~~~~~~~~~~~~~~~~~~~~~~~~~~~~~~~~~~~~~~~~~~
    + CategoryInfo          : NotSpecified: (⚠ The "middlewa...leware-to-proxy:String) [], RemoteException
    + FullyQualifiedErrorId : NativeCommandError
 
  Creating an optimized production build ...
✓ Compiled successfully in 27.3s
  Running TypeScript ...
  Finished TypeScript in 32.0s ...
  Collecting page data using 11 workers ...
  Generating static pages using 11 workers (0/21) ...
  Generating static pages using 11 workers (5/21) 
  Generating static pages using 11 workers (10/21) 
  Generating static pages using 11 workers (15/21) 
✓ Generating static pages using 11 workers (21/21) in 824ms
  Finalizing page optimization ...

Route (app)
┌ ƒ /
├ ƒ /_not-found
├ ƒ /about
├ ƒ /api/auth/[...all]
├ ƒ /api/auth/check-user
├ ƒ /api/auth/register-profile
├ ƒ /api/mock-storage
├ ƒ /api/upload
├ ƒ /auth/callback
├ ƒ /calendar
├ ƒ /chat
├ ƒ /chat/[id]
├ ƒ /create
├ ƒ /events/[eventId]
├ ƒ /home
├ ƒ /imprint
├ ƒ /info
├ ƒ /install
├ ƒ /notifications
├ ƒ /posts/[postId]
├ ƒ /privacy
├ ƒ /profile
├ ƒ /profile/[username]
├ ƒ /search
├ ƒ /workspace
└ ƒ /workspace/[workspaceId]


ƒ Proxy (Middleware)

ƒ  (Dynamic)  server-rendered on demand

